{
  "status": "PUBLISHED_EVIDENCE_HISTORY_PROBE_PASS",
  "historical_fixture": "a1a48f9839315d7683d9973a1d9febfd14aa39a8",
  "current_candidate_fingerprint": "00388c36beb41ad0c6b1f6f96bc38172f657fa26f80124e8a3385603b2101749",
  "protected_files": 1090,
  "experiments": [
    {
      "case": "unchanged published r6 positive control",
      "legacy": {
        "exit_code": 0,
        "status": "SS009_LOCAL_VERIFICATION_COMPLETE",
        "candidate_fingerprint": "0c5178a938f9461eea1060ed7483965d4b99b48b0bf554f167be4f0d3c56d753"
      },
      "fixed_history": "SS009_EVIDENCE_HISTORY_VALID"
    },
    {
      "case": "uncommitted rewrite of an unreferenced published r5 report",
      "legacy": {
        "exit_code": 0,
        "status": "SS009_LOCAL_VERIFICATION_COMPLETE",
        "candidate_fingerprint": "0c5178a938f9461eea1060ed7483965d4b99b48b0bf554f167be4f0d3c56d753"
      },
      "fixed": {
        "status": "REJECTED",
        "error_code": "SS009_PUBLISHED_EVIDENCE_CHANGED",
        "missing_or_changed_file": "evidence/yxx-ss-009-r5-review-fix-report.md",
        "modes": [
          "STRUCTURE",
          "STRICT",
          "PRETAMPER"
        ]
      }
    },
    {
      "case": "committed rewrite with a clean checkout",
      "legacy": {
        "exit_code": 0,
        "status": "SS009_LOCAL_VERIFICATION_COMPLETE",
        "candidate_fingerprint": "0c5178a938f9461eea1060ed7483965d4b99b48b0bf554f167be4f0d3c56d753"
      },
      "fixed": {
        "status": "REJECTED",
        "error_code": "SS009_PUBLISHED_EVIDENCE_CHANGED",
        "missing_or_changed_file": "evidence/yxx-ss-009-r5-review-fix-report.md",
        "modes": [
          "STRUCTURE",
          "STRICT",
          "PRETAMPER"
        ]
      }
    },
    {
      "case": "rewrite and restore cannot erase the audit violation",
      "legacy": {
        "exit_code": 0,
        "status": "SS009_LOCAL_VERIFICATION_COMPLETE",
        "candidate_fingerprint": "0c5178a938f9461eea1060ed7483965d4b99b48b0bf554f167be4f0d3c56d753"
      },
      "fixed": {
        "status": "REJECTED",
        "error_code": "SS009_PUBLISHED_EVIDENCE_CHANGED",
        "missing_or_changed_file": "evidence/yxx-ss-009-r5-review-fix-report.md",
        "modes": [
          "STRUCTURE",
          "STRICT",
          "PRETAMPER"
        ]
      }
    }
  ],
  "candidate_unchanged": true,
  "owned_worktree_removed": true,
  "current_candidate_full_regression": "NOT_RUN_BY_THIS_PROBE",
  "current_candidate_strict_readiness": "NOT_CLAIMED_BY_THIS_PROBE"
}
