TAP version 13
# Subtest: validated Web catalog selection is an explicit service fact without a text alias
ok 1 - validated Web catalog selection is an explicit service fact without a text alias
  ---
  duration_ms: 57.842145
  type: 'test'
  ...
# Subtest: Web catalog selection conflicting with resolved text retains both facts for human review
ok 2 - Web catalog selection conflicting with resolved text retains both facts for human review
  ---
  duration_ms: 41.531336
  type: 'test'
  ...
# Subtest: Web service facts reject cross-source input and retain text-only fallback for unavailable choices
ok 3 - Web service facts reject cross-source input and retain text-only fallback for unavailable choices
  ---
  duration_ms: 79.332806
  type: 'test'
  ...
# Subtest: Web selection also defers conflicting rule-derived service facts to human review
ok 4 - Web selection also defers conflicting rule-derived service facts to human review
  ---
  duration_ms: 36.675526
  type: 'test'
  ...
# Subtest: duplicate aliases, duplicate rules and rule config drift fail closed
ok 5 - duplicate aliases, duplicate rules and rule config drift fail closed
  ---
  duration_ms: 33.130296
  type: 'test'
  ...
# Subtest: at least 50 deterministic service cases return the same semantic result
ok 6 - at least 50 deterministic service cases return the same semantic result
  ---
  duration_ms: 106.345843
  type: 'test'
  ...
# Subtest: the same input produces the same output hash for 100 executions
ok 7 - the same input produces the same output hash for 100 executions
  ---
  duration_ms: 105.340843
  type: 'test'
  ...
# Subtest: rule engine extracts service, taxonomy and explainable provenance without effects
ok 8 - rule engine extracts service, taxonomy and explainable provenance without effects
  ---
  duration_ms: 32.301003
  type: 'test'
  ...
# Subtest: generic system failure asks only which system before lower-value questions
ok 9 - generic system failure asks only which system before lower-value questions
  ---
  duration_ms: 31.426803
  type: 'test'
  ...
# Subtest: rule config drives incident signals but cannot create an Incident or mutate Ticket
ok 10 - rule config drives incident signals but cannot create an Incident or mutate Ticket
  ---
  duration_ms: 32.326034
  type: 'test'
  ...
# Subtest: correction, scope, recovery and workaround rules remain advisory
ok 11 - correction, scope, recovery and workaround rules remain advisory
  ---
  duration_ms: 38.125892
  type: 'test'
  ...
# Subtest: all generated result times are injected LocalDateTime and no Date is accepted
ok 12 - all generated result times are injected LocalDateTime and no Date is accepted
  ---
  duration_ms: 37.425211
  type: 'test'
  ...
# Subtest: bounded batch handles 2,000 synthetic turns without queues or external seams
ok 13 - bounded batch handles 2,000 synthetic turns without queues or external seams
  ---
  duration_ms: 1279.622538
  type: 'test'
  ...
1..13
# tests 13
# suites 0
# pass 13
# fail 0
# cancelled 0
# skipped 0
# todo 0
# duration_ms 2063.094125
