TAP version 13
# YXX_SCREENSHOT {"event_time":"2026-10-06 10:10:46","event_epoch_ms":"1791252646780","width":1440,"path":"/tmp/yxx-browser-screenshots-924e9c2f-4958-417e-bf68-284dc531e4c2/1440.png","sha256":"ae6ae975a3cdbe10d4db8a6c303642a85ddca3260e277066dde11c5575719625"}
# Subtest: YXX-02 YXX-19 YXX-35 YXX-40 YXX-41 real Edge HTTPS member entry 1440x900
ok 1 - YXX-02 YXX-19 YXX-35 YXX-40 YXX-41 real Edge HTTPS member entry 1440x900
  ---
  duration_ms: 2880.062438
  type: 'test'
  ...
# YXX_SCREENSHOT {"event_time":"2026-10-06 10:10:48","event_epoch_ms":"1791252648981","width":390,"path":"/tmp/yxx-browser-screenshots-924e9c2f-4958-417e-bf68-284dc531e4c2/390.png","sha256":"f29033e281dbe84ff7e651e7f64cd81ad692296f4955227a37e0f59c5c18ec89"}
# Subtest: YXX-02 YXX-19 YXX-35 YXX-40 YXX-41 real Edge HTTPS member entry 390x844
ok 2 - YXX-02 YXX-19 YXX-35 YXX-40 YXX-41 real Edge HTTPS member entry 390x844
  ---
  duration_ms: 2196.911369
  type: 'test'
  ...
# Subtest: YXX-13 YXX-25 YXX-36 old fragment reaches canonical member page and failed Timeline retries without accepting ETag
ok 3 - YXX-13 YXX-25 YXX-36 old fragment reaches canonical member page and failed Timeline retries without accepting ETag
  ---
  duration_ms: 2106.871775
  type: 'test'
  ...
# Subtest: YXX-15 simultaneous first-tab logins retain separate refs and same-context cookies in real Edge
ok 4 - YXX-15 simultaneous first-tab logins retain separate refs and same-context cookies in real Edge
  ---
  duration_ms: 1729.864379
  type: 'test'
  ...
# Subtest: YXX-22 YXX-23 YXX-24 late detail, logout, identity switch and browser history clear old data
ok 5 - YXX-22 YXX-23 YXX-24 late detail, logout, identity switch and browser history clear old data
  ---
  duration_ms: 1881.135766
  type: 'test'
  ...
1..5
# tests 5
# suites 0
# pass 5
# fail 0
# cancelled 0
# skipped 0
# todo 0
# duration_ms 11055.905081
