TAP version 13
# Subtest: process HTTP policy permits owned health traffic and blocks model endpoints, redirects and option overrides
ok 1 - process HTTP policy permits owned health traffic and blocks model endpoints, redirects and option overrides
  ---
  duration_ms: 48.919745
  type: 'test'
  ...
# Subtest: documented CLI help and no-argument live invocation never start a listener or provider
ok 2 - documented CLI help and no-argument live invocation never start a listener or provider
  ---
  duration_ms: 819.920451
  type: 'test'
  ...
# Subtest: missing fresh live approval is rejected before any database connection even with a bound manifest and private configuration
ok 3 - missing fresh live approval is rejected before any database connection even with a bound manifest and private configuration
  ---
  duration_ms: 305.573831
  type: 'test'
  ...
# Subtest: staged G2 observation, reconciliation and evaluation use canonical source evidence paths
ok 4 - staged G2 observation, reconciliation and evaluation use canonical source evidence paths
  ---
  duration_ms: 623.689519
  type: 'test'
  ...
1..4
# tests 4
# suites 0
# pass 4
# fail 0
# cancelled 0
# skipped 0
# todo 0
# duration_ms 2011.918819
