TAP version 13
# {"event":"YXX_CREATION_INBOUND","ok":false,"code":"YXX_CREATION_SCOPE_DENIED","event_time":"2026-10-03 19:10:34","event_epoch_ms":"1791025834994"}
# {"event":"YXX_CREATION_INBOUND","ok":false,"code":"YXX_CREATION_SCOPE_DENIED","event_time":"2026-10-03 19:10:34","event_epoch_ms":"1791025834994"}
# {"event":"YXX_CREATION_INBOUND","ok":false,"code":"YXX_CREATION_SCOPE_DENIED","event_time":"2026-10-03 19:10:34","event_epoch_ms":"1791025834994"}
# {"event":"YXX_CREATION_INBOUND","ok":false,"code":"YXX_CREATION_SCOPE_DENIED","event_time":"2026-10-03 19:10:34","event_epoch_ms":"1791025834994"}
# {"event":"YXX_CREATION_STOPPED","reason":"INPUT_CONCURRENCY_LIMIT","completed_cases":[],"real_sends":0,"event_time":"2026-10-03 19:10:34","event_epoch_ms":"1791025834994"}
# Subtest: targeted creation config fixes four A/B cases and rejects broader scope
ok 1 - targeted creation config fixes four A/B cases and rejects broader scope
  ---
  duration_ms: 1.609
  type: 'test'
  ...
# Subtest: targeted launcher stops at fifth concurrent frame without queuing further input
ok 2 - targeted launcher stops at fifth concurrent frame without queuing further input
  ---
  duration_ms: 882.1247
  type: 'test'
  ...
1..2
# tests 2
# suites 0
# pass 2
# fail 0
# cancelled 0
# skipped 0
# todo 0
# duration_ms 1148.3669
