TAP version 13
# Subtest: P1 configuration accepts Pilot-only dependencies and produces a secret-free summary
ok 1 - P1 configuration accepts Pilot-only dependencies and produces a secret-free summary
  ---
  duration_ms: 3.3794
  type: 'test'
  ...
# Subtest: P1 configuration rejects missing, cross-phase, and unapproved public-edge settings
ok 2 - P1 configuration rejects missing, cross-phase, and unapproved public-edge settings
  ---
  duration_ms: 1.1119
  type: 'test'
  ...
# Subtest: preflight output and CLI options do not expose configuration secrets
ok 3 - preflight output and CLI options do not expose configuration secrets
  ---
  duration_ms: 0.5492
  type: 'test'
  ...
# Subtest: the Pilot foundation health endpoint starts and stops without business routes
ok 4 - the Pilot foundation health endpoint starts and stops without business routes
  ---
  duration_ms: 56.8378
  type: 'test'
  ...
1..4
# tests 4
# suites 0
# pass 4
# fail 0
# cancelled 0
# skipped 0
# todo 0
# duration_ms 265.4214
