TAP version 13
# Subtest: P1-012 handles a scoped group text frame through Intake then a safe reply and Delivery
ok 1 - P1-012 handles a scoped group text frame through Intake then a safe reply and Delivery
  ---
  duration_ms: 5.0057
  type: 'test'
  ...
# Subtest: P1-012 records an image-degraded Intake without fabricating a Ticket
ok 2 - P1-012 records an image-degraded Intake without fabricating a Ticket
  ---
  duration_ms: 0.9706
  type: 'test'
  ...
# Subtest: P1-012 accepts an addressed group mixed image only when it contains the run token and an image
ok 3 - P1-012 accepts an addressed group mixed image only when it contains the run token and an image
  ---
  duration_ms: 0.9716
  type: 'test'
  ...
# Subtest: P1-012 ignores an unscoped group frame without calling any operational seam
ok 4 - P1-012 ignores an unscoped group frame without calling any operational seam
  ---
  duration_ms: 0.316
  type: 'test'
  ...
# Subtest: P1-012 keeps a transient core failure safe and retryable without leaking the failure text
ok 5 - P1-012 keeps a transient core failure safe and retryable without leaking the failure text
  ---
  duration_ms: 0.5322
  type: 'test'
  ...
# Subtest: P1-012 keeps a thrown database fault out of the client reply and safe evidence
ok 6 - P1-012 keeps a thrown database fault out of the client reply and safe evidence
  ---
  duration_ms: 0.5977
  type: 'test'
  ...
# Subtest: P1-012 requires an explicit successful provider receipt for a passive reply
ok 7 - P1-012 requires an explicit successful provider receipt for a passive reply
  ---
  duration_ms: 0.4306
  type: 'test'
  ...
# Subtest: P1-012 preserves a provider reply rejection code without keeping its message text
ok 8 - P1-012 preserves a provider reply rejection code without keeping its message text
  ---
  duration_ms: 0.4861
  type: 'test'
  ...
# Subtest: P1-012 Go/No-Go requires real client observation but never a public IP for outbound WSS
ok 9 - P1-012 Go/No-Go requires real client observation but never a public IP for outbound WSS
  ---
  duration_ms: 0.3697
  type: 'test'
  ...
1..9
# tests 9
# suites 0
# pass 9
# fail 0
# cancelled 0
# skipped 0
# todo 0
# duration_ms 211.6212
