TAP version 13
# Subtest: P2-004 JSON Schemas use draft 2020-12 and close object shapes
ok 1 - P2-004 JSON Schemas use draft 2020-12 and close object shapes
  ---
  duration_ms: 9.5128
  type: 'test'
  ...
# Subtest: Reply Command schema and future OpenAPI bind session and idempotency without exposing a target
ok 2 - Reply Command schema and future OpenAPI bind session and idempotency without exposing a target
  ---
  duration_ms: 3.2847
  type: 'test'
  ...
# Subtest: frozen Communication vocabularies are exact
ok 3 - frozen Communication vocabularies are exact
  ---
  duration_ms: 1.0751
  type: 'test'
  ...
# Subtest: normalization freezes Agent, AI, System, internal note and media contracts
ok 4 - normalization freezes Agent, AI, System, internal note and media contracts
  ---
  duration_ms: 2.3099
  type: 'test'
  ...
# Subtest: invalid UUID, row version, privacy, retention, message type, and browser authority are rejected
ok 5 - invalid UUID, row version, privacy, retention, message type, and browser authority are rejected
  ---
  duration_ms: 0.9444
  type: 'test'
  ...
# Subtest: plain JSON fence rejects Proxy, accessor, symbol, toJSON, prototype and pollution keys
ok 6 - plain JSON fence rejects Proxy, accessor, symbol, toJSON, prototype and pollution keys
  ---
  duration_ms: 0.4441
  type: 'test'
  ...
# Subtest: plain JSON fence enforces depth, node, string and array bounds
ok 7 - plain JSON fence enforces depth, node, string and array bounds
  ---
  duration_ms: 0.2438
  type: 'test'
  ...
# Subtest: content and command hashes are stable, key-order independent and cover row version
ok 8 - content and command hashes are stable, key-order independent and cover row version
  ---
  duration_ms: 1.2161
  type: 'test'
  ...
# Subtest: destination resolution uses authoritative Thread fields for single and group
ok 9 - destination resolution uses authoritative Thread fields for single and group
  ---
  duration_ms: 0.3621
  type: 'test'
  ...
# Subtest: disabled service performs zero database and authorization work
ok 10 - disabled service performs zero database and authorization work
  ---
  duration_ms: 0.4106
  type: 'test'
  ...
# Subtest: disabled Worker performs zero database and Sender calls
ok 11 - disabled Worker performs zero database and Sender calls
  ---
  duration_ms: 0.4441
  type: 'test'
  ...
# Subtest: Sender Port validates ACK, rejected, unknown and rejects malformed results
ok 12 - Sender Port validates ACK, rejected, unknown and rejects malformed results
  ---
  duration_ms: 0.4365
  type: 'test'
  ...
# Subtest: Mock Sender records only safe call metadata
ok 13 - Mock Sender records only safe call metadata
  ---
  duration_ms: 0.2714
  type: 'test'
  ...
# Subtest: message projection maps Agent, AI, Internal and System without changing ownership
ok 14 - message projection maps Agent, AI, Internal and System without changing ownership
  ---
  duration_ms: 0.3415
  type: 'test'
  ...
# Subtest: delivery timeline and realtime mappers expose only safe delivery fields
ok 15 - delivery timeline and realtime mappers expose only safe delivery fields
  ---
  duration_ms: 0.2849
  type: 'test'
  ...
# Subtest: legacy notification mapping is safe and exact
ok 16 - legacy notification mapping is safe and exact
  ---
  duration_ms: 0.1664
  type: 'test'
  ...
# Subtest: public stable error inventory excludes raw provider and storage details
ok 17 - public stable error inventory excludes raw provider and storage details
  ---
  duration_ms: 0.0962
  type: 'test'
  ...
1..17
# tests 17
# suites 0
# pass 17
# fail 0
# cancelled 0
# skipped 0
# todo 0
# duration_ms 243.0721
