TAP version 13
# Subtest: SS-009 failed and stalled child startup releases every owned process
ok 1 - SS-009 failed and stalled child startup releases every owned process
  ---
  duration_ms: 815.7395
  type: 'test'
  ...
# Subtest: SS-009 real process kills recover all acceptance and processing commit boundaries
ok 2 - SS-009 real process kills recover all acceptance and processing commit boundaries
  ---
  duration_ms: 9894.6191
  type: 'test'
  ...
# SS009_RECEIPT {"event_time":"2026-10-03 14:41:34","event_epoch_ms":"1791009694282","kind":"cleanup","status":"PASS","candidate_fingerprint":"d9204d324444b2bc8c861f8c8d21298ea2ec31e11965f86d3e5ed89058493044","resources":[{"resource":"owned_database","remaining":0},{"resource":"owned_database_backends","remaining":0},{"resource":"fixture_pool","remaining":0},{"resource":"cleanup_observer_pool","remaining":0},{"resource":"owned_child","remaining":0},{"resource":"owned_child","remaining":0},{"resource":"owned_child","remaining":0},{"resource":"owned_child","remaining":0},{"resource":"owned_child","remaining":0},{"resource":"owned_child","remaining":0},{"resource":"owned_child","remaining":0},{"resource":"owned_child","remaining":0},{"resource":"owned_child","remaining":0},{"resource":"owned_child","remaining":0}],"scope":"OWNED_RUN_RESOURCES_ONLY","preexisting_resources_touched":false}
# SS009_RECEIPT {"event_time":"2026-10-03 14:41:35","event_epoch_ms":"1791009695053","kind":"fault","status":"PASS","candidate_fingerprint":"d9204d324444b2bc8c861f8c8d21298ea2ec31e11965f86d3e5ed89058493044","real_kills":5,"cases":[{"action":"accept","barrier":"before-commit","receipt_count":1,"ticket_count":1,"recovered":true},{"action":"accept","barrier":"after-commit","receipt_count":1,"ticket_count":1,"recovered":true},{"action":"process","barrier":"before-process","receipt_count":1,"ticket_count":1,"recovered":true},{"action":"process","barrier":"before-commit","receipt_count":1,"ticket_count":1,"recovered":true},{"action":"process","barrier":"after-commit","receipt_count":1,"ticket_count":1,"recovered":true}]}
# Subtest: SS-009 committed supplement survives a real kill without a second Ticket or duplicate event
ok 3 - SS-009 committed supplement survives a real kill without a second Ticket or duplicate event
  ---
  duration_ms: 6198.4394
  type: 'test'
  ...
# SS009_RECEIPT {"event_time":"2026-10-03 14:41:40","event_epoch_ms":"1791009700398","kind":"cleanup","status":"PASS","candidate_fingerprint":"d9204d324444b2bc8c861f8c8d21298ea2ec31e11965f86d3e5ed89058493044","resources":[{"resource":"owned_database","remaining":0},{"resource":"owned_database_backends","remaining":0},{"resource":"fixture_pool","remaining":0},{"resource":"cleanup_observer_pool","remaining":0},{"resource":"owned_child","remaining":0},{"resource":"owned_child","remaining":0}],"scope":"OWNED_RUN_RESOURCES_ONLY","preexisting_resources_touched":false}
# SS009_RECEIPT {"event_time":"2026-10-03 14:41:41","event_epoch_ms":"1791009701153","kind":"fault","status":"PASS","candidate_fingerprint":"d9204d324444b2bc8c861f8c8d21298ea2ec31e11965f86d3e5ed89058493044","supplement_real_kill":true,"supplement_replayed":true,"tickets":1,"supplement_events":1}
# Subtest: SS-009 a terminated owned PostgreSQL backend preserves accepted input across a fresh processor
ok 4 - SS-009 a terminated owned PostgreSQL backend preserves accepted input across a fresh processor
  ---
  duration_ms: 5639.2675
  type: 'test'
  ...
# SS009_RECEIPT {"event_time":"2026-10-03 14:41:46","event_epoch_ms":"1791009706178","kind":"cleanup","status":"PASS","candidate_fingerprint":"d9204d324444b2bc8c861f8c8d21298ea2ec31e11965f86d3e5ed89058493044","resources":[{"resource":"owned_database","remaining":0},{"resource":"owned_database_backends","remaining":0},{"resource":"fixture_pool","remaining":0},{"resource":"cleanup_observer_pool","remaining":0},{"resource":"owned_child","remaining":0},{"resource":"owned_child","remaining":0}],"scope":"OWNED_RUN_RESOURCES_ONLY","preexisting_resources_touched":false}
# SS009_RECEIPT {"event_time":"2026-10-03 14:41:46","event_epoch_ms":"1791009706900","kind":"fault","status":"PASS","candidate_fingerprint":"d9204d324444b2bc8c861f8c8d21298ea2ec31e11965f86d3e5ed89058493044","owned_backend_terminated":true,"recovery_verified":true,"shared_database_service_stopped":false}
1..4
# tests 4
# suites 0
# pass 4
# fail 0
# cancelled 0
# skipped 0
# todo 0
# duration_ms 22972.0364
