TAP version 13
# Subtest: YXX-07 YXX-33 member policy and identity proof fail closed without coercion or legacy fallback
ok 1 - YXX-07 YXX-33 member policy and identity proof fail closed without coercion or legacy fallback
  ---
  duration_ms: 1.2766
  type: 'test'
  ...
# Subtest: YXX-01 member Sender validates persisted delivery binding without reading a Grant before its mock SDK call
ok 2 - YXX-01 member Sender validates persisted delivery binding without reading a Grant before its mock SDK call
  ---
  duration_ms: 2.4927
  type: 'test'
  ...
# Subtest: YXX-35 closed member schemas expose authentication mode without raw identity or nullable Ticket guessing
ok 3 - YXX-35 closed member schemas expose authentication mode without raw identity or nullable Ticket guessing
  ---
  duration_ms: 6.2783
  type: 'test'
  ...
# Subtest: YXX-06 YXX-07 YXX-33 unverified scope or disabled OAuth cannot construct a permissive member endpoint
ok 4 - YXX-06 YXX-07 YXX-33 unverified scope or disabled OAuth cannot construct a permissive member endpoint
  ---
  duration_ms: 0.7555
  type: 'test'
  ...
# Subtest: YXX-35 configuration refuses Proxy, accessors, toJSON, cycles and loose identity coercions
ok 5 - YXX-35 configuration refuses Proxy, accessors, toJSON, cycles and loose identity coercions
  ---
  duration_ms: 0.4209
  type: 'test'
  ...
# Subtest: YXX-01 both member card click regions use one canonical ref without a grant or identity
ok 6 - YXX-01 both member card click regions use one canonical ref without a grant or identity
  ---
  duration_ms: 0.3914
  type: 'test'
  ...
1..6
# tests 6
# suites 0
# pass 6
# fail 0
# cancelled 0
# skipped 0
# todo 0
# duration_ms 201.4991
