TAP version 13
# Subtest: R5 original strict positive control
ok 1 - R5 original strict positive control
  ---
  duration_ms: 11570.0255
  type: 'test'
  ...
# Subtest: R5 strict rejects duplicate trace
not ok 2 - R5 strict rejects duplicate trace
  ---
  duration_ms: 5371.9481
  type: 'test'
  location: 'D:\\Projects\\Fault-Reporting-WeCom-Assistant\\tmp\\ss009-r5-red.mjs:7:95'
  failureType: 'testCodeFailure'
  error: 'Missing expected exception.'
  code: 'ERR_ASSERTION'
  name: 'AssertionError'
  operator: 'throws'
  stack: |-
    TestContext.<anonymous> (file:///D:/Projects/Fault-Reporting-WeCom-Assistant/tmp/ss009-r5-red.mjs:11:919)
    Test.runInAsyncScope (node:async_hooks:227:14)
    Test.run (node:internal/test_runner/test:1325:25)
    Test.start (node:internal/test_runner/test:1191:17)
    startSubtestAfterBootstrap (node:internal/test_runner/harness:385:17)
    run (node:internal/test_runner/harness:396:12)
    test (node:internal/test_runner/harness:405:12)
    file:///D:/Projects/Fault-Reporting-WeCom-Assistant/tmp/ss009-r5-red.mjs:7:95
  ...
# Subtest: R5 strict rejects unknown trace file
not ok 3 - R5 strict rejects unknown trace file
  ---
  duration_ms: 7191.1244
  type: 'test'
  location: 'D:\\Projects\\Fault-Reporting-WeCom-Assistant\\tmp\\ss009-r5-red.mjs:7:95'
  failureType: 'testCodeFailure'
  error: 'Missing expected exception.'
  code: 'ERR_ASSERTION'
  name: 'AssertionError'
  operator: 'throws'
  stack: |-
    TestContext.<anonymous> (file:///D:/Projects/Fault-Reporting-WeCom-Assistant/tmp/ss009-r5-red.mjs:11:919)
    Test.runInAsyncScope (node:async_hooks:227:14)
    Test.run (node:internal/test_runner/test:1325:25)
    Test.start (node:internal/test_runner/test:1191:17)
    startSubtestAfterBootstrap (node:internal/test_runner/harness:385:17)
    run (node:internal/test_runner/harness:396:12)
    test (node:internal/test_runner/harness:405:12)
    file:///D:/Projects/Fault-Reporting-WeCom-Assistant/tmp/ss009-r5-red.mjs:7:95
  ...
# Subtest: R5 strict rejects forged regression summary
not ok 4 - R5 strict rejects forged regression summary
  ---
  duration_ms: 8968.1074
  type: 'test'
  location: 'D:\\Projects\\Fault-Reporting-WeCom-Assistant\\tmp\\ss009-r5-red.mjs:7:95'
  failureType: 'testCodeFailure'
  error: 'Missing expected exception.'
  code: 'ERR_ASSERTION'
  name: 'AssertionError'
  operator: 'throws'
  stack: |-
    TestContext.<anonymous> (file:///D:/Projects/Fault-Reporting-WeCom-Assistant/tmp/ss009-r5-red.mjs:11:919)
    Test.runInAsyncScope (node:async_hooks:227:14)
    Test.run (node:internal/test_runner/test:1325:25)
    Test.start (node:internal/test_runner/test:1191:17)
    startSubtestAfterBootstrap (node:internal/test_runner/harness:385:17)
    run (node:internal/test_runner/harness:396:12)
    test (node:internal/test_runner/harness:405:12)
    file:///D:/Projects/Fault-Reporting-WeCom-Assistant/tmp/ss009-r5-red.mjs:7:95
  ...
1..4
# tests 4
# suites 0
# pass 1
# fail 3
# cancelled 0
# skipped 0
# todo 0
# duration_ms 35537.881
