TAP version 13
# Subtest: SS-009 evidence rejects a forged PASS summary without the matching successful TAP
ok 1 - SS-009 evidence rejects a forged PASS summary without the matching successful TAP
  ---
  duration_ms: 0.7042
  type: 'test'
  ...
# Subtest: SS-009 every structured test event has paired reporter observation time
ok 2 - SS-009 every structured test event has paired reporter observation time
  ---
  duration_ms: 0.8688
  type: 'test'
  ...
# Subtest: SS-009 sampler and cleanup errors never skip later owned resource shutdown
ok 3 - SS-009 sampler and cleanup errors never skip later owned resource shutdown
  ---
  duration_ms: 0.7106
  type: 'test'
  ...
# Subtest: SS-009 dedicated proof summaries cannot replace process capacity or catalog observations
ok 4 - SS-009 dedicated proof summaries cannot replace process capacity or catalog observations
  ---
  duration_ms: 4.7803
  type: 'test'
  ...
# Subtest: SS-009 run evidence binds real TAP counts current inventory historical coverage and paired time
ok 5 - SS-009 run evidence binds real TAP counts current inventory historical coverage and paired time
  ---
  duration_ms: 10.5963
  type: 'test'
  ...
# Subtest: SS-009 evidence references reject wrong hashes traversal and linked files
ok 6 - SS-009 evidence references reject wrong hashes traversal and linked files
  ---
  duration_ms: 4.6901
  type: 'test'
  ...
1..6
# tests 6
# suites 0
# pass 6
# fail 0
# cancelled 0
# skipped 0
# todo 0
# duration_ms 151.2216
