TAP version 13
# Subtest: SS-001 fixed homepage performs one bounded OAuth round trip and returns to the bare root
ok 1 - SS-001 fixed homepage performs one bounded OAuth round trip and returns to the bare root
  ---
  duration_ms: 52.3523
  type: 'test'
  ...
# Subtest: SS-001 already authenticated and unusable cookies never begin a second OAuth flow
ok 2 - SS-001 already authenticated and unusable cookies never begin a second OAuth flow
  ---
  duration_ms: 60.7447
  type: 'test'
  ...
# Subtest: SS-001 callback/provider errors terminate with a safe error page and no redirect loop
ok 3 - SS-001 callback/provider errors terminate with a safe error page and no redirect loop
  ---
  duration_ms: 6.8
  type: 'test'
  ...
# Subtest: SS-001 natural session expiry can recover only after the browser drops the expired cookie
ok 4 - SS-001 natural session expiry can recover only after the browser drops the expired cookie
  ---
  duration_ms: 28.3345
  type: 'test'
  ...
# Subtest: SS-001 fully disabled cookies, wrong state, member 403, and POST paths terminate without redirect
ok 5 - SS-001 fully disabled cookies, wrong state, member 403, and POST paths terminate without redirect
  ---
  duration_ms: 50.1557
  type: 'test'
  ...
# Subtest: SS-002 closed schemas reject identity and operational authority fields
ok 6 - SS-002 closed schemas reject identity and operational authority fields
  ---
  duration_ms: 7.6184
  type: 'test'
  ...
# Subtest: SS-002 both OpenAPI documents expose the same seven YXX operation references
ok 7 - SS-002 both OpenAPI documents expose the same seven YXX operation references
  ---
  duration_ms: 2.594
  type: 'test'
  ...
# Subtest: SS-002 catalog plan keeps migration 033 conditional and Web APP_ONLY
ok 8 - SS-002 catalog plan keeps migration 033 conditional and Web APP_ONLY
  ---
  duration_ms: 1.3706
  type: 'test'
  ...
# Subtest: SS-007 native factory accepts only the OAuth callback session cookie
ok 9 - SS-007 native factory accepts only the OAuth callback session cookie
  ---
  duration_ms: 1.1598
  type: 'test'
  ...
# Subtest: SS-007 dependency failures remain terminal service or permission failures
ok 10 - SS-007 dependency failures remain terminal service or permission failures
  ---
  duration_ms: 118.7291
  type: 'test'
  ...
# Subtest: SS-007 JSON bodies reject duplicate decoded keys before commands
ok 11 - SS-007 JSON bodies reject duplicate decoded keys before commands
  ---
  duration_ms: 62.8464
  type: 'test'
  ...
# Subtest: SS-007 recovery scope is stable across CSRF rotation and separates protected member scopes
ok 12 - SS-007 recovery scope is stable across CSRF rotation and separates protected member scopes
  ---
  duration_ms: 47.0713
  type: 'test'
  ...
# Subtest: SS-007 direct detail pages enforce ownership before rendering the shell
ok 13 - SS-007 direct detail pages enforce ownership before rendering the shell
  ---
  duration_ms: 47.9327
  type: 'test'
  ...
# Subtest: SS-007 report source filters reject explicit empty and unknown values before querying
ok 14 - SS-007 report source filters reject explicit empty and unknown values before querying
  ---
  duration_ms: 91.187
  type: 'test'
  ...
# Subtest: SS-007 logout rejects unknown query and body fields without clearing sessions
ok 15 - SS-007 logout rejects unknown query and body fields without clearing sessions
  ---
  duration_ms: 59.4701
  type: 'test'
  ...
# Subtest: SS-007 a new tab in the same browser recovers a closed tab command from durable opaque storage
ok 16 - SS-007 a new tab in the same browser recovers a closed tab command from durable opaque storage
  ---
  duration_ms: 1004.2983
  type: 'test'
  ...
# Subtest: SS-007 same-browser tabs keep form input and accepted request references isolated and capture responsive evidence
ok 17 - SS-007 same-browser tabs keep form input and accepted request references isolated and capture responsive evidence
  ---
  duration_ms: 711.5862
  type: 'test'
  ...
# local screenshot: tmp/ss007-ui/390x844.png
# local screenshot: tmp/ss007-ui/1440x900.png
# Subtest: SS-007 status copy is exercised through browser responses for 429, 409, 401 and 503
ok 18 - SS-007 status copy is exercised through browser responses for 429, 409, 401 and 503
  ---
  duration_ms: 533.9509
  type: 'test'
  ...
# Subtest: SS-007 supplement conflict refreshes the revision while retaining the draft without an automatic POST
ok 19 - SS-007 supplement conflict refreshes the revision while retaining the draft without an automatic POST
  ---
  duration_ms: 355.3778
  type: 'test'
  ...
# Subtest: SS-007 does not accept a new detail ETag when the paired timeline request fails
ok 20 - SS-007 does not accept a new detail ETag when the paired timeline request fails
  ---
  duration_ms: 10213.844
  type: 'test'
  ...
# Subtest: SS-007 synthetic page lifecycle rejects a late detail response and logout reaches a terminal page
ok 21 - SS-007 synthetic page lifecycle rejects a late detail response and logout reaches a terminal page
  ---
  duration_ms: 531.1049
  type: 'test'
  ...
# Subtest: SS-007 refreshed member CSRF survives clearing the previous form
ok 22 - SS-007 refreshed member CSRF survives clearing the previous form
  ---
  duration_ms: 1057.1911
  type: 'test'
  ...
