TAP version 13
# Subtest: SS-009 evidence rejects a forged PASS summary without the matching successful TAP
ok 1 - SS-009 evidence rejects a forged PASS summary without the matching successful TAP
  ---
  duration_ms: 0.6972
  type: 'test'
  ...
# Subtest: SS-009 every structured test event has paired reporter observation time
ok 2 - SS-009 every structured test event has paired reporter observation time
  ---
  duration_ms: 0.8959
  type: 'test'
  ...
# Subtest: SS-009 sampler and cleanup errors never skip later owned resource shutdown
ok 3 - SS-009 sampler and cleanup errors never skip later owned resource shutdown
  ---
  duration_ms: 0.8631
  type: 'test'
  ...
# Subtest: SS-009 dedicated proof summaries cannot replace process capacity or catalog observations
not ok 4 - SS-009 dedicated proof summaries cannot replace process capacity or catalog observations
  ---
  duration_ms: 5.1618
  type: 'test'
  location: 'D:\\Projects\\Fault-Reporting-WeCom-Assistant\\tests\\yxx-ss-009-evidence.test.mjs:34:1'
  failureType: 'testCodeFailure'
  error: 'Missing expected exception.'
  code: 'ERR_ASSERTION'
  name: 'AssertionError'
  operator: 'throws'
  stack: |-
    TestContext.<anonymous> (file:///D:/Projects/Fault-Reporting-WeCom-Assistant/tests/yxx-ss-009-evidence.test.mjs:39:10)
    Test.runInAsyncScope (node:async_hooks:227:14)
    Test.run (node:internal/test_runner/test:1325:25)
    Test.processPendingSubtests (node:internal/test_runner/test:911:18)
    Test.postRun (node:internal/test_runner/test:1465:19)
    Test.run (node:internal/test_runner/test:1390:12)
    async Test.processPendingSubtests (node:internal/test_runner/test:911:7)
  ...
# Subtest: SS-009 run evidence binds real TAP counts current inventory historical coverage and paired time
ok 5 - SS-009 run evidence binds real TAP counts current inventory historical coverage and paired time
  ---
  duration_ms: 10.7106
  type: 'test'
  ...
# Subtest: SS-009 evidence references reject wrong hashes traversal and linked files
ok 6 - SS-009 evidence references reject wrong hashes traversal and linked files
  ---
  duration_ms: 5.8091
  type: 'test'
  ...
1..6
# tests 6
# suites 0
# pass 5
# fail 1
# cancelled 0
# skipped 0
# todo 0
# duration_ms 168.9253
