TAP version 13
# Subtest: complete artifact catalog binds all original files without a report hash cycle
ok 1 - complete artifact catalog binds all original files without a report hash cycle
  ---
  duration_ms: 141.9613
  type: 'test'
  ...
# Subtest: combined migration proof rejects incomplete SQL scope wrong markers and failed replay with matching hashes
ok 2 - combined migration proof rejects incomplete SQL scope wrong markers and failed replay with matching hashes
  ---
  duration_ms: 504.7765
  type: 'test'
  ...
# Subtest: current evidence artifact guard rejects changed runtime bytes and a missing build
ok 3 - current evidence artifact guard rejects changed runtime bytes and a missing build
  ---
  duration_ms: 9053.3581
  type: 'test'
  ...
# Subtest: scenario mapping requires unique executed cases and preserves execution line provenance and historical limits
ok 4 - scenario mapping requires unique executed cases and preserves execution line provenance and historical limits
  ---
  duration_ms: 2659.0072
  type: 'test'
  ...
# Subtest: source accounting preserves semantic limits and rejects missing execution or manual review even with fresh hashes
ok 5 - source accounting preserves semantic limits and rejects missing execution or manual review even with fresh hashes
  ---
  duration_ms: 1270.4483
  type: 'test'
  ...
# Subtest: specialized proof binds raw observations and screenshots to the archived runtime candidate
ok 6 - specialized proof binds raw observations and screenshots to the archived runtime candidate
  ---
  duration_ms: 469.1935
  type: 'test'
  ...
# Subtest: historical proof verifies originals and rejects rehashed wrong identity omitted checks and false successes
ok 7 - historical proof verifies originals and rejects rehashed wrong identity omitted checks and false successes
  ---
  duration_ms: 207.4347
  type: 'test'
  ...
# Subtest: review evidence requires distinct axes reviewers and exact candidate binding
ok 8 - review evidence requires distinct axes reviewers and exact candidate binding
  ---
  duration_ms: 166.0633
  type: 'test'
  ...
# Subtest: cleanup proof requires measured zero residuals and matching successful environment cleanup
ok 9 - cleanup proof requires measured zero residuals and matching successful environment cleanup
  ---
  duration_ms: 68.355
  type: 'test'
  ...
# Subtest: execution proof binds executed bytes to the archived build and matching source input
ok 10 - execution proof binds executed bytes to the archived build and matching source input
  ---
  duration_ms: 25.9391
  type: 'test'
  ...
# Subtest: execution proof rejects a missing case even when the replacement trace hash matches
ok 11 - execution proof rejects a missing case even when the replacement trace hash matches
  ---
  duration_ms: 26.2198
  type: 'test'
  ...
# Subtest: execution proof rejects consistent hashes with failing counts omitted work or misbound cases
ok 12 - execution proof rejects consistent hashes with failing counts omitted work or misbound cases
  ---
  duration_ms: 216.0604
  type: 'test'
  ...
# Subtest: execution proof checks original TAP bytes instead of trusting PASS counts
ok 13 - execution proof checks original TAP bytes instead of trusting PASS counts
  ---
  duration_ms: 23.2825
  type: 'test'
  ...
# Subtest: strict current readiness rejects a PASS summary without the complete current execution set
ok 14 - strict current readiness rejects a PASS summary without the complete current execution set
  ---
  duration_ms: 106740.4983
  type: 'test'
  ...
1..14
# tests 14
# suites 0
# pass 14
# fail 0
# cancelled 0
# skipped 0
# todo 0
# duration_ms 121915.7423
