TAP version 13
# Subtest: SS-007 a new tab in the same browser recovers a closed tab command from durable opaque storage
ok 1 - SS-007 a new tab in the same browser recovers a closed tab command from durable opaque storage
  ---
  duration_ms: 1586.836
  type: 'test'
  ...
# Subtest: SS-007 logout invalidates every open same-origin tab without broadcasting sensitive data
ok 2 - SS-007 logout invalidates every open same-origin tab without broadcasting sensitive data
  ---
  duration_ms: 395.4393
  type: 'test'
  ...
# Subtest: SS-007 same-browser tabs keep form input and accepted request references isolated and capture responsive evidence
ok 3 - SS-007 same-browser tabs keep form input and accepted request references isolated and capture responsive evidence
  ---
  duration_ms: 1696.5043
  type: 'test'
  ...
# local screenshot: file:///C:/Users/zqpet/AppData/Local/Temp/ss007-ui-TUmopA/390x844.png
# local screenshot: file:///C:/Users/zqpet/AppData/Local/Temp/ss007-ui-TUmopA/1440x900.png
# Subtest: SS-007 status copy is exercised through browser responses for 429, 409, 401 and 503
ok 4 - SS-007 status copy is exercised through browser responses for 429, 409, 401 and 503
  ---
  duration_ms: 562.4032
  type: 'test'
  ...
# Subtest: SS-007 supplement conflict refreshes the revision while retaining the draft without an automatic POST
ok 5 - SS-007 supplement conflict refreshes the revision while retaining the draft without an automatic POST
  ---
  duration_ms: 393.9985
  type: 'test'
  ...
# Subtest: SS-007 does not accept a new detail ETag when the paired timeline request fails
ok 6 - SS-007 does not accept a new detail ETag when the paired timeline request fails
  ---
  duration_ms: 10134.8975
  type: 'test'
  ...
# Subtest: SS-007 synthetic page lifecycle rejects a late detail response and logout reaches a terminal page
ok 7 - SS-007 synthetic page lifecycle rejects a late detail response and logout reaches a terminal page
  ---
  duration_ms: 395.4942
  type: 'test'
  ...
1..7
# tests 7
# suites 0
# pass 7
# fail 0
# cancelled 0
# skipped 0
# todo 0
# duration_ms 15700.5047
