TAP version 13
# Subtest: P2-012 incomplete persisted Candidate summary remains explicit and does not invent clustering evidence
ok 1 - P2-012 incomplete persisted Candidate summary remains explicit and does not invent clustering evidence
  ---
  duration_ms: 4.76
  type: 'test'
  ...
# Subtest: P2-012 four scope permissions, authorization before replay, expiry maintenance and closed schemas
ok 2 - P2-012 four scope permissions, authorization before replay, expiry maintenance and closed schemas
  ---
  duration_ms: 3455.2898
  type: 'test'
  ...
# Subtest: P2-012 approved-group Reporter discovery persists before direct intake, Sender scope and database guard
ok 3 - P2-012 approved-group Reporter discovery persists before direct intake, Sender scope and database guard
  ---
  duration_ms: 2646.3292
  type: 'test'
  ...
# Subtest: P2-012 real direct-leg eligibility suppresses group-only Ticket artifacts and validates persisted destination scope
ok 4 - P2-012 real direct-leg eligibility suppresses group-only Ticket artifacts and validates persisted destination scope
  ---
  duration_ms: 2632.6703
  type: 'test'
  ...
1..4
# tests 4
# suites 0
# pass 4
# fail 0
# cancelled 0
# skipped 0
# todo 0
# duration_ms 9240.8497
