TAP version 13
# Subtest: SS-009 lost actual HTTP response recovers the same authorized command without a second intake
ok 1 - SS-009 lost actual HTTP response recovers the same authorized command without a second intake
  ---
  duration_ms: 3917.8777
  type: 'test'
  ...
# SS009_RECEIPT {"event_time":"2026-10-03 18:49:37","event_epoch_ms":"1791024577272","kind":"cleanup","status":"PASS","candidate_fingerprint":"760336b3ec2076f32717613945b11c19dcc7e6d06512608f96934c71ed1e76a7","resources":[{"resource":"owned_database","remaining":0},{"resource":"owned_database_backends","remaining":0},{"resource":"fixture_pool","remaining":0},{"resource":"cleanup_observer_pool","remaining":0},{"resource":"http_listener","remaining":0}],"scope":"OWNED_RUN_RESOURCES_ONLY","preexisting_resources_touched":false}
# SS009_RECEIPT {"event_time":"2026-10-03 18:49:37","event_epoch_ms":"1791024577815","kind":"fault","status":"PASS","candidate_fingerprint":"760336b3ec2076f32717613945b11c19dcc7e6d06512608f96934c71ed1e76a7","http_response_lost":true,"same_command_recovered":true,"cross_member_denied":true,"batch_max":20}
# Subtest: SS-009 locked HTTP supplements recheck logout write shutdown and request revocation
ok 2 - SS-009 locked HTTP supplements recheck logout write shutdown and request revocation
  ---
  duration_ms: 4119.1164
  type: 'test'
  ...
# SS009_RECEIPT {"event_time":"2026-10-03 18:49:41","event_epoch_ms":"1791024581733","kind":"cleanup","status":"PASS","candidate_fingerprint":"760336b3ec2076f32717613945b11c19dcc7e6d06512608f96934c71ed1e76a7","resources":[{"resource":"owned_database","remaining":0},{"resource":"owned_database_backends","remaining":0},{"resource":"fixture_pool","remaining":0},{"resource":"cleanup_observer_pool","remaining":0},{"resource":"http_listener","remaining":0}],"scope":"OWNED_RUN_RESOURCES_ONLY","preexisting_resources_touched":false}
1..2
# tests 2
# suites 0
# pass 2
# fail 0
# cancelled 0
# skipped 0
# todo 0
# duration_ms 8563.7106
