TAP version 13
# Subtest: an explicit report creates one idempotent Pilot Ticket without AI or Hospital Tickets
ok 1 - an explicit report creates one idempotent Pilot Ticket without AI or Hospital Tickets
  ---
  duration_ms: 60.16361
  type: 'test'
  ...
# Subtest: a downstream failure rolls back the Intake-to-Ticket relationship before retry
ok 2 - a downstream failure rolls back the Intake-to-Ticket relationship before retry
  ---
  duration_ms: 24.843817
  type: 'test'
  ...
# Subtest: a Ticket number collision fails explicitly and leaves the second Intake unlinked
ok 3 - a Ticket number collision fails explicitly and leaves the second Intake unlinked
  ---
  duration_ms: 26.949666
  type: 'test'
  ...
# Subtest: the database rejects a Ticket when its source Intake does not point back to it
ok 4 - the database rejects a Ticket when its source Intake does not point back to it
  ---
  duration_ms: 11.924058
  type: 'test'
  ...
1..4
# tests 4
# suites 0
# pass 4
# fail 0
# cancelled 0
# skipped 0
# todo 0
# duration_ms 295.101647
