TAP version 13
# Subtest: P2-012 both parsed OpenAPI documents declare canonical subscription destinations and service failures
ok 1 - P2-012 both parsed OpenAPI documents declare canonical subscription destinations and service failures
  ---
  duration_ms: 853.227253
  type: 'test'
  ...
# Cloning into '/tmp/fault-reporting-p2-016-historical-Bs0EWM'...
# Note: switching to 'a8eb787791404759289074f0b667096dfd667f20'.
# You are in 'detached HEAD' state. You can look around, make experimental
# changes and commit them, and you can discard any commits you make in this
# state without impacting any branches by switching back to a branch.
# If you want to create a new branch to retain commits you create, you may
# do so (now or later) by using -c with the switch command. Example:
#   git switch -c <new-branch-name>
# Or undo this operation with:
#   git switch -
# Turn off this advice by setting config variable advice.detachedHead to false
# Warning: you are leaving 440 commits behind, not connected to
# any of your branches:
#   a8eb787 test(p2-006): make browser refresh and timezone checks deterministic
#   9a9ee24 feat(ss011): support one approved Reporter with unchanged staff scope
#   9b2861f Merge pull request \#53 from peterkis/codex/r01-technical-certification
#   7622054 Publish append-only R01 evidence for frozen repaired candidate
#  ... and 436 more.
# If you want to keep them by creating a new branch, this may be a good time
# to do so with:
#  git branch <new-branch-name> a8eb787
# HEAD is now at 8c33271 Merge pull request \#6 from peterkis/phase2/p2-012-human-confirmed-incident
# Subtest: P2-012 static authorization, frozen predecessors, scope, schemas and synthetic fixture gate
ok 2 - P2-012 static authorization, frozen predecessors, scope, schemas and synthetic fixture gate
  ---
  duration_ms: 3239.021537
  type: 'test'
  ...
# Subtest: P2-012 live runner fails before network/listener unless all five independent fuses and verified evidence exist
ok 3 - P2-012 live runner fails before network/listener unless all five independent fuses and verified evidence exist
  ---
  duration_ms: 1.397616
  type: 'test'
  ...
# Subtest: P2-012 readiness cannot be fabricated from partial regression, skips, changed inputs or live claims
ok 4 - P2-012 readiness cannot be fabricated from partial regression, skips, changed inputs or live claims
  ---
  duration_ms: 0.463992
  type: 'test'
  ...
# Subtest: P2-012 DONE requires the approved live candidate, client confirmation, clean Incident deliveries and complete regressions
ok 5 - P2-012 DONE requires the approved live candidate, client confirmation, clean Incident deliveries and complete regressions
  ---
  duration_ms: 0.49503
  type: 'test'
  ...
# Subtest: P2-012 frozen candidate permits only the explicit closeout governance set
ok 6 - P2-012 frozen candidate permits only the explicit closeout governance set
  ---
  duration_ms: 0.39423
  type: 'test'
  ...
# Subtest: P2-012 review hardening preserves exact paths and requires independent current regression evidence
ok 7 - P2-012 review hardening preserves exact paths and requires independent current regression evidence
  ---
  duration_ms: 0.801005
  type: 'test'
  ...
# Subtest: P2-012 v2 HTTP OpenAPI hardening has an independent closed allowlist and complete regression gate
ok 8 - P2-012 v2 HTTP OpenAPI hardening has an independent closed allowlist and complete regression gate
  ---
  duration_ms: 0.630104
  type: 'test'
  ...
# Subtest: P2-012 subscription review preserves its baseline, scope and independent regression
ok 9 - P2-012 subscription review preserves its baseline, scope and independent regression
  ---
  duration_ms: 0.686299
  type: 'test'
  ...
# Subtest: P2-012 paused destination review is bounded and preserves previous full regression evidence
ok 10 - P2-012 paused destination review is bounded and preserves previous full regression evidence
  ---
  duration_ms: 0.424828
  type: 'test'
  ...
# Subtest: P2-012 reporter refresh review is bounded and preserves previous full regression evidence
ok 11 - P2-012 reporter refresh review is bounded and preserves previous full regression evidence
  ---
  duration_ms: 0.454303
  type: 'test'
  ...
1..11
# tests 11
# suites 0
# pass 11
# fail 0
# cancelled 0
# skipped 0
# todo 0
# duration_ms 4967.664712
