TAP version 13
# Subtest: P2-G2 independent per-scenario receipt and human streams fit the bounded evaluator without resealing combined chains
ok 1 - P2-G2 independent per-scenario receipt and human streams fit the bounded evaluator without resealing combined chains
  ---
  duration_ms: 76.445321
  type: 'test'
  ...
# Subtest: P2-G2 evaluator fails closed for review counterexample: readiness recorded after observation
ok 2 - P2-G2 evaluator fails closed for review counterexample: readiness recorded after observation
  ---
  duration_ms: 59.031438
  type: 'test'
  ...
# Subtest: P2-G2 evaluator fails closed for review counterexample: owner approval before cleanup
ok 3 - P2-G2 evaluator fails closed for review counterexample: owner approval before cleanup
  ---
  duration_ms: 61.461006
  type: 'test'
  ...
# Subtest: P2-G2 evaluator fails closed for review counterexample: an entire hour of unavailable worker declared as gateway fault
ok 4 - P2-G2 evaluator fails closed for review counterexample: an entire hour of unavailable worker declared as gateway fault
  ---
  duration_ms: 55.379278
  type: 'test'
  ...
# Subtest: P2-G2 evaluator fails closed for review counterexample: undeclared worker restarts
ok 5 - P2-G2 evaluator fails closed for review counterexample: undeclared worker restarts
  ---
  duration_ms: 57.756218
  type: 'test'
  ...
# Subtest: P2-G2 evaluator fails closed for review counterexample: route before inbound persistence
ok 6 - P2-G2 evaluator fails closed for review counterexample: route before inbound persistence
  ---
  duration_ms: 50.547453
  type: 'test'
  ...
# Subtest: P2-G2 evaluator fails closed for review counterexample: missing finite sample gap
ok 7 - P2-G2 evaluator fails closed for review counterexample: missing finite sample gap
  ---
  duration_ms: 53.247875
  type: 'test'
  ...
# Subtest: P2-G2 evaluator fails closed for review counterexample: no verified start approval source
ok 8 - P2-G2 evaluator fails closed for review counterexample: no verified start approval source
  ---
  duration_ms: 51.019038
  type: 'test'
  ...
# Subtest: P2-G2 evaluator fails closed for review counterexample: one hour idle after business activity
ok 9 - P2-G2 evaluator fails closed for review counterexample: one hour idle after business activity
  ---
  duration_ms: 67.305269
  type: 'test'
  ...
# Subtest: P2-G2 evaluator fails closed for review counterexample: no post-cleanup full regression
ok 10 - P2-G2 evaluator fails closed for review counterexample: no post-cleanup full regression
  ---
  duration_ms: 53.664909
  type: 'test'
  ...
# Subtest: P2-G2 evaluator fails closed for review counterexample: split G2-END content from timestamp
ok 11 - P2-G2 evaluator fails closed for review counterexample: split G2-END content from timestamp
  ---
  duration_ms: 51.00379
  type: 'test'
  ...
# Subtest: P2-G2 evaluator fails closed for review counterexample: split G2-CLEANUP content from timestamp
ok 12 - P2-G2 evaluator fails closed for review counterexample: split G2-CLEANUP content from timestamp
  ---
  duration_ms: 54.684674
  type: 'test'
  ...
# Subtest: P2-G2 evaluator fails closed for review counterexample: DIRECT_ORGANIC outside observation
ok 13 - P2-G2 evaluator fails closed for review counterexample: DIRECT_ORGANIC outside observation
  ---
  duration_ms: 47.863772
  type: 'test'
  ...
# Subtest: P2-G2 evaluator rejects invalid binding with stable typed errors before reading evidence
ok 14 - P2-G2 evaluator rejects invalid binding with stable typed errors before reading evidence
  ---
  duration_ms: 20.303716
  type: 'test'
  ...
# Subtest: P2-G2 evaluator accepts a complete in-memory fixture only with independently verified sources
ok 15 - P2-G2 evaluator accepts a complete in-memory fixture only with independently verified sources
  ---
  duration_ms: 101.972043
  type: 'test'
  ...
# Subtest: P2-G2 has no latency percentile before a client observation, and requires a real measurement by the end
ok 16 - P2-G2 has no latency percentile before a client observation, and requires a real measurement by the end
  ---
  duration_ms: 108.677948
  type: 'test'
  ...
# Subtest: P2-G2 approved Gateway fault requires recovery and excludes both adjacent intervals from the steady hour
ok 17 - P2-G2 approved Gateway fault requires recovery and excludes both adjacent intervals from the steady hour
  ---
  duration_ms: 100.089007
  type: 'test'
  ...
# Subtest: P2-G2 evaluator rejects only historical 577 regression
ok 18 - P2-G2 evaluator rejects only historical 577 regression
  ---
  duration_ms: 5.250752
  type: 'test'
  ...
# Subtest: P2-G2 evaluator rejects past P2-012 evidence
ok 19 - P2-G2 evaluator rejects past P2-012 evidence
  ---
  duration_ms: 50.832698
  type: 'test'
  ...
# Subtest: P2-G2 evaluator rejects 59 minutes
ok 20 - P2-G2 evaluator rejects 59 minutes
  ---
  duration_ms: 53.050244
  type: 'test'
  ...
# Subtest: P2-G2 evaluator rejects sleep
ok 21 - P2-G2 evaluator rejects sleep
  ---
  duration_ms: 49.006168
  type: 'test'
  ...
# Subtest: P2-G2 evaluator rejects missing metric
ok 22 - P2-G2 evaluator rejects missing metric
  ---
  duration_ms: 46.014299
  type: 'test'
  ...
# Subtest: P2-G2 evaluator rejects missing 2C4G proof
ok 23 - P2-G2 evaluator rejects missing 2C4G proof
  ---
  duration_ms: 50.840172
  type: 'test'
  ...
# Subtest: P2-G2 evaluator rejects missing DIRECT_ORGANIC
ok 24 - P2-G2 evaluator rejects missing DIRECT_ORGANIC
  ---
  duration_ms: 54.444903
  type: 'test'
  ...
# Subtest: P2-G2 evaluator rejects missing human review
ok 25 - P2-G2 evaluator rejects missing human review
  ---
  duration_ms: 57.736476
  type: 'test'
  ...
# Subtest: P2-G2 evaluator rejects missing confirmed incident
ok 26 - P2-G2 evaluator rejects missing confirmed incident
  ---
  duration_ms: 47.166392
  type: 'test'
  ...
# Subtest: P2-G2 evaluator rejects only synthetic human review
ok 27 - P2-G2 evaluator rejects only synthetic human review
  ---
  duration_ms: 45.614777
  type: 'test'
  ...
# Subtest: P2-G2 evaluator rejects only synthetic incident confirmation
ok 28 - P2-G2 evaluator rejects only synthetic incident confirmation
  ---
  duration_ms: 47.143719
  type: 'test'
  ...
# Subtest: P2-G2 evaluator rejects seeded normal chain
ok 29 - P2-G2 evaluator rejects seeded normal chain
  ---
  duration_ms: 46.085782
  type: 'test'
  ...
# Subtest: P2-G2 evaluator rejects missing numeric ACK
ok 30 - P2-G2 evaluator rejects missing numeric ACK
  ---
  duration_ms: 47.908917
  type: 'test'
  ...
# Subtest: P2-G2 evaluator rejects UNKNOWN unresolved
ok 31 - P2-G2 evaluator rejects UNKNOWN unresolved
  ---
  duration_ms: 47.16516
  type: 'test'
  ...
# Subtest: P2-G2 evaluator rejects changed candidate
ok 32 - P2-G2 evaluator rejects changed candidate
  ---
  duration_ms: 47.778952
  type: 'test'
  ...
# Subtest: P2-G2 evaluator rejects NOOP
ok 33 - P2-G2 evaluator rejects NOOP
  ---
  duration_ms: 49.909525
  type: 'test'
  ...
# Subtest: P2-G2 evaluator rejects NOT_RUN
ok 34 - P2-G2 evaluator rejects NOT_RUN
  ---
  duration_ms: 47.4793
  type: 'test'
  ...
# Subtest: P2-G2 evaluator rejects unexpected dead letter
ok 35 - P2-G2 evaluator rejects unexpected dead letter
  ---
  duration_ms: 47.673604
  type: 'test'
  ...
# Subtest: P2-G2 evaluator rejects no owner approval
ok 36 - P2-G2 evaluator rejects no owner approval
  ---
  duration_ms: 47.795985
  type: 'test'
  ...
# Subtest: P2-G2 evaluator rejects source not verified
ok 37 - P2-G2 evaluator rejects source not verified
  ---
  duration_ms: 47.198292
  type: 'test'
  ...
# Subtest: P2-G2 evaluator rejects source Promise not awaited
ok 38 - P2-G2 evaluator rejects source Promise not awaited
  ---
  duration_ms: 48.399619
  type: 'test'
  ...
# Subtest: P2-G2 evaluator rejects switched observer clock
ok 39 - P2-G2 evaluator rejects switched observer clock
  ---
  duration_ms: 48.753894
  type: 'test'
  ...
# Subtest: P2-G2 evaluator rejects sampling gap
ok 40 - P2-G2 evaluator rejects sampling gap
  ---
  duration_ms: 48.347891
  type: 'test'
  ...
# Subtest: P2-G2 evaluator rejects roles disappeared
ok 41 - P2-G2 evaluator rejects roles disappeared
  ---
  duration_ms: 52.907278
  type: 'test'
  ...
# Subtest: P2-G2 evaluator rejects model was called
ok 42 - P2-G2 evaluator rejects model was called
  ---
  duration_ms: 47.493646
  type: 'test'
  ...
# Subtest: P2-G2 evaluator rejects gold missed fault
ok 43 - P2-G2 evaluator rejects gold missed fault
  ---
  duration_ms: 50.882236
  type: 'test'
  ...
1..43
# tests 43
# suites 0
# pass 43
# fail 0
# cancelled 0
# skipped 0
# todo 0
# duration_ms 2502.492207
